// Jest Snapshot v1, https://goo.gl/fbAQLP

exports[`edit user page can show error message 1`] = `"<div><h1>An error occurred</h1><div>Error: Failed to load</div></div>"`;

exports[`edit user page can show information about an existing user 1`] = `"<div id=\\"header-title\\"><h1>Edit an existing User (Niklas)</h1></div><div id=\\"edit-form\\"><form><div><label>First name: <input type=\\"text\\" value=\\"Niklas\\"></label></div><br><div><label>Last name: <input type=\\"text\\" value=\\"Ellefsen\\"></label></div><br><div><label>Email: <input type=\\"text\\" value=\\"niklas@ellefsen.no\\"></label></div><br><button>Submit</button></form></div>"`;

exports[`edit user page can show loading screen 1`] = `"<div>Loading ...</div>"`;
