// Jest Snapshot v1, https://goo.gl/fbAQLP

exports[`login page display login page 1`] = `"<h1 id=\\"header-title\\">Login</h1><button id=\\"login-button\\">Login with a google account</button>"`;
